<?xml version="1.0" encoding="UTF-8"?>
<GenRun Id="impl_2" LaunchPart="xc7a35tfgg484-2" LaunchTime="1678776933">
  <File Type="BITSTR-BMM" Name="Top_mudule_bd.bmm"/>
  <File Type="OPT-METHODOLOGY-DRC" Name="Top_mudule_methodology_drc_opted.rpt"/>
  <File Type="INIT-TIMING" Name="Top_mudule_timing_summary_init.rpt"/>
  <File Type="ROUTE-PWR" Name="Top_mudule_power_routed.rpt"/>
  <File Type="PA-TCL" Name="Top_mudule.tcl"/>
  <File Type="OPT-TIMING" Name="Top_mudule_timing_summary_opted.rpt"/>
  <File Type="OPT-DCP" Name="Top_mudule_opt.dcp"/>
  <File Type="ROUTE-PWR-SUM" Name="Top_mudule_power_summary_routed.pb"/>
  <File Type="REPORTS-TCL" Name="Top_mudule_reports.tcl"/>
  <File Type="OPT-DRC" Name="Top_mudule_drc_opted.rpt"/>
  <File Type="OPT-HWDEF" Name="Top_mudule.hwdef"/>
  <File Type="PWROPT-DCP" Name="Top_mudule_pwropt.dcp"/>
  <File Type="PWROPT-DRC" Name="Top_mudule_drc_pwropted.rpt"/>
  <File Type="PWROPT-TIMING" Name="Top_mudule_timing_summary_pwropted.rpt"/>
  <File Type="PLACE-DCP" Name="Top_mudule_placed.dcp"/>
  <File Type="PLACE-IO" Name="Top_mudule_io_placed.rpt"/>
  <File Type="PLACE-CLK" Name="Top_mudule_clock_utilization_placed.rpt"/>
  <File Type="PLACE-UTIL" Name="Top_mudule_utilization_placed.rpt"/>
  <File Type="PLACE-UTIL-PB" Name="Top_mudule_utilization_placed.pb"/>
  <File Type="PLACE-CTRL" Name="Top_mudule_control_sets_placed.rpt"/>
  <File Type="PLACE-SIMILARITY" Name="Top_mudule_incremental_reuse_placed.rpt"/>
  <File Type="PLACE-PRE-SIMILARITY" Name="Top_mudule_incremental_reuse_pre_placed.rpt"/>
  <File Type="BG-BGN" Name="Top_mudule.bgn"/>
  <File Type="PLACE-TIMING" Name="Top_mudule_timing_summary_placed.rpt"/>
  <File Type="POSTPLACE-PWROPT-DCP" Name="Top_mudule_postplace_pwropt.dcp"/>
  <File Type="BG-BIN" Name="Top_mudule.bin"/>
  <File Type="POSTPLACE-PWROPT-TIMING" Name="Top_mudule_timing_summary_postplace_pwropted.rpt"/>
  <File Type="PHYSOPT-DCP" Name="Top_mudule_physopt.dcp"/>
  <File Type="PHYSOPT-DRC" Name="Top_mudule_drc_physopted.rpt"/>
  <File Type="BITSTR-MSK" Name="Top_mudule.msk"/>
  <File Type="PHYSOPT-TIMING" Name="Top_mudule_timing_summary_physopted.rpt"/>
  <File Type="ROUTE-ERROR-DCP" Name="Top_mudule_routed_error.dcp"/>
  <File Type="ROUTE-DCP" Name="Top_mudule_routed.dcp"/>
  <File Type="ROUTE-BLACKBOX-DCP" Name="Top_mudule_routed_bb.dcp"/>
  <File Type="ROUTE-DRC" Name="Top_mudule_drc_routed.rpt"/>
  <File Type="ROUTE-DRC-PB" Name="Top_mudule_drc_routed.pb"/>
  <File Type="BITSTR-LTX" Name="debug_nets.ltx"/>
  <File Type="BITSTR-LTX" Name="Top_mudule.ltx"/>
  <File Type="ROUTE-DRC-RPX" Name="Top_mudule_drc_routed.rpx"/>
  <File Type="BITSTR-MMI" Name="Top_mudule.mmi"/>
  <File Type="ROUTE-METHODOLOGY-DRC" Name="Top_mudule_methodology_drc_routed.rpt"/>
  <File Type="ROUTE-METHODOLOGY-DRC-RPX" Name="Top_mudule_methodology_drc_routed.rpx"/>
  <File Type="BITSTR-SYSDEF" Name="Top_mudule.sysdef"/>
  <File Type="ROUTE-METHODOLOGY-DRC-PB" Name="Top_mudule_methodology_drc_routed.pb"/>
  <File Type="ROUTE-PWR-RPX" Name="Top_mudule_power_routed.rpx"/>
  <File Type="ROUTE-STATUS" Name="Top_mudule_route_status.rpt"/>
  <File Type="ROUTE-STATUS-PB" Name="Top_mudule_route_status.pb"/>
  <File Type="ROUTE-TIMINGSUMMARY" Name="Top_mudule_timing_summary_routed.rpt"/>
  <File Type="ROUTE-TIMING-PB" Name="Top_mudule_timing_summary_routed.pb"/>
  <File Type="ROUTE-TIMING-RPX" Name="Top_mudule_timing_summary_routed.rpx"/>
  <File Type="ROUTE-SIMILARITY" Name="Top_mudule_incremental_reuse_routed.rpt"/>
  <File Type="ROUTE-CLK" Name="Top_mudule_clock_utilization_routed.rpt"/>
  <File Type="ROUTE-BUS-SKEW" Name="Top_mudule_bus_skew_routed.rpt"/>
  <File Type="ROUTE-BUS-SKEW-PB" Name="Top_mudule_bus_skew_routed.pb"/>
  <File Type="ROUTE-BUS-SKEW-RPX" Name="Top_mudule_bus_skew_routed.rpx"/>
  <File Type="POSTROUTE-PHYSOPT-DCP" Name="Top_mudule_postroute_physopt.dcp"/>
  <File Type="POSTROUTE-PHYSOPT-BLACKBOX-DCP" Name="Top_mudule_postroute_physopt_bb.dcp"/>
  <File Type="POSTROUTE-PHYSOPT-TIMING" Name="Top_mudule_timing_summary_postroute_physopted.rpt"/>
  <File Type="POSTROUTE-PHYSOPT-TIMING-PB" Name="Top_mudule_timing_summary_postroute_physopted.pb"/>
  <File Type="POSTROUTE-PHYSOPT-TIMING-RPX" Name="Top_mudule_timing_summary_postroute_physopted.rpx"/>
  <File Type="POSTROUTE-PHYSOPT-BUS-SKEW" Name="Top_mudule_bus_skew_postroute_physopted.rpt"/>
  <File Type="POSTROUTE-PHYSOPT-BUS-SKEW-PB" Name="Top_mudule_bus_skew_postroute_physopted.pb"/>
  <File Type="BG-BIT" Name="Top_mudule.bit"/>
  <File Type="POSTROUTE-PHYSOPT-BUS-SKEW-RPX" Name="Top_mudule_bus_skew_postroute_physopted.rpx"/>
  <File Type="BITSTR-RBT" Name="Top_mudule.rbt"/>
  <File Type="BITSTR-NKY" Name="Top_mudule.nky"/>
  <File Type="BG-DRC" Name="Top_mudule.drc"/>
  <File Type="RDI-RDI" Name="Top_mudule.vdi"/>
  <File Type="WBT-USG" Name="usage_statistics_webtalk.html"/>
  <FileSet Name="sources" Type="DesignSrcs" RelSrcDir="$PSRCDIR/sources_1">
    <Filter Type="Srcs"/>
    <File Path="$PSRCDIR/sources_1/new/Top_mudule.v">
      <FileInfo>
        <Attr Name="UsedIn" Val="synthesis"/>
        <Attr Name="UsedIn" Val="implementation"/>
        <Attr Name="UsedIn" Val="simulation"/>
      </FileInfo>
    </File>
    <File Path="$PSRCDIR/sources_1/ip/clk_200MHZ/clk_200MHZ.upgrade_log"/>
    <Config>
      <Option Name="DesignMode" Val="RTL"/>
      <Option Name="TopModule" Val="Top_mudule"/>
      <Option Name="TopAutoSet" Val="TRUE"/>
    </Config>
  </FileSet>
  <FileSet Name="constrs_in" Type="Constrs" RelSrcDir="$PSRCDIR/constrs_1">
    <Filter Type="Constrs"/>
    <File Path="$PSRCDIR/constrs_1/imports/new/Golden.xdc">
      <FileInfo>
        <Attr Name="ImportPath" Val="$PPRDIR/../../../KC705_Multiboot_SPI_XAPP_design_files/Golden/KC705_Multiboot_SPI_XAPP.srcs/constrs_1/new/Golden.xdc"/>
        <Attr Name="ImportTime" Val="1420586628"/>
        <Attr Name="UsedIn" Val="synthesis"/>
        <Attr Name="UsedIn" Val="implementation"/>
      </FileInfo>
    </File>
    <Config>
      <Option Name="ConstrsType" Val="XDC"/>
    </Config>
  </FileSet>
  <FileSet Name="utils" Type="Utils" RelSrcDir="$PSRCDIR/utils_1">
    <Filter Type="Utils"/>
    <Config>
      <Option Name="TopAutoSet" Val="TRUE"/>
    </Config>
  </FileSet>
  <Strategy Version="1" Minor="2">
    <StratHandle Name="Vivado Implementation Defaults" Flow="Vivado Implementation 2018">
      <Desc>Default settings for Implementation.</Desc>
    </StratHandle>
    <Step Id="init_design"/>
    <Step Id="opt_design"/>
    <Step Id="power_opt_design"/>
    <Step Id="place_design"/>
    <Step Id="post_place_power_opt_design"/>
    <Step Id="phys_opt_design"/>
    <Step Id="route_design"/>
    <Step Id="post_route_phys_opt_design"/>
    <Step Id="write_bitstream">
      <Option Id="BinFile">1</Option>
    </Step>
  </Strategy>
</GenRun>
