<?xml version="1.0" encoding="UTF-8"?>
<GenRun Id="synth_1" LaunchPart="xc7a35tfgg484-2" LaunchTime="1678776933">
  <File Type="PA-TCL" Name="Top_mudule.tcl"/>
  <File Type="RDS-PROPCONSTRS" Name="Top_mudule_drc_synth.rpt"/>
  <File Type="REPORTS-TCL" Name="Top_mudule_reports.tcl"/>
  <File Type="RDS-RDS" Name="Top_mudule.vds"/>
  <File Type="RDS-UTIL" Name="Top_mudule_utilization_synth.rpt"/>
  <File Type="RDS-UTIL-PB" Name="Top_mudule_utilization_synth.pb"/>
  <File Type="RDS-DCP" Name="Top_mudule.dcp"/>
  <File Type="VDS-TIMINGSUMMARY" Name="Top_mudule_timing_summary_synth.rpt"/>
  <File Type="VDS-TIMING-PB" Name="Top_mudule_timing_summary_synth.pb"/>
  <FileSet Name="sources" Type="DesignSrcs" RelSrcDir="$PSRCDIR/sources_1">
    <Filter Type="Srcs"/>
    <File Path="$PSRCDIR/sources_1/new/Top_mudule.v">
      <FileInfo>
        <Attr Name="UsedIn" Val="synthesis"/>
        <Attr Name="UsedIn" Val="implementation"/>
        <Attr Name="UsedIn" Val="simulation"/>
      </FileInfo>
    </File>
    <File Path="$PSRCDIR/sources_1/ip/clk_200MHZ/clk_200MHZ.upgrade_log"/>
    <Config>
      <Option Name="DesignMode" Val="RTL"/>
      <Option Name="TopModule" Val="Top_mudule"/>
      <Option Name="TopAutoSet" Val="TRUE"/>
    </Config>
  </FileSet>
  <FileSet Name="constrs_in" Type="Constrs" RelSrcDir="$PSRCDIR/constrs_1">
    <Filter Type="Constrs"/>
    <File Path="$PSRCDIR/constrs_1/imports/new/Golden.xdc">
      <FileInfo>
        <Attr Name="ImportPath" Val="$PPRDIR/../../../KC705_Multiboot_SPI_XAPP_design_files/Golden/KC705_Multiboot_SPI_XAPP.srcs/constrs_1/new/Golden.xdc"/>
        <Attr Name="ImportTime" Val="1420586628"/>
        <Attr Name="UsedIn" Val="synthesis"/>
        <Attr Name="UsedIn" Val="implementation"/>
      </FileInfo>
    </File>
    <Config>
      <Option Name="ConstrsType" Val="XDC"/>
    </Config>
  </FileSet>
  <FileSet Name="utils" Type="Utils" RelSrcDir="$PSRCDIR/utils_1">
    <Filter Type="Utils"/>
    <Config>
      <Option Name="TopAutoSet" Val="TRUE"/>
    </Config>
  </FileSet>
  <Strategy Version="1" Minor="2">
    <StratHandle Name="Vivado Synthesis Defaults" Flow="Vivado Synthesis 2014">
      <Desc>Vivado Synthesis Defaults</Desc>
    </StratHandle>
    <Step Id="synth_design"/>
  </Strategy>
</GenRun>
