<?xml version="1.0" encoding="UTF-8" ?>
<document>
<!--The data in this file is primarily intended for consumption by Xilinx tools.
The structure and the elements are likely to change over the next few releases.
This means code written to parse this file will need to be revisited each subsequent release.-->
<application name="pa" timeStamp="Tue Mar 14 14:55:33 2023">
<section name="Project Information" visible="false">
<property name="ProjectID" value="e051a98d07fd4cf5b0faf8f4819f779b" type="ProjectID"/>
<property name="ProjectIteration" value="24" type="ProjectIteration"/>
</section>
<section name="PlanAhead Usage" visible="true">
<item name="Project Data">
<property name="SrcSetCount" value="1" type="SrcSetCount"/>
<property name="ConstraintSetCount" value="1" type="ConstraintSetCount"/>
<property name="DesignMode" value="RTL" type="DesignMode"/>
<property name="SynthesisStrategy" value="Vivado Synthesis Defaults" type="SynthesisStrategy"/>
<property name="ImplStrategy" value="Vivado Implementation Defaults" type="ImplStrategy"/>
</item>
<item name="Java Command Handlers">
<property name="AddCfgMem" value="1" type="JavaHandler"/>
<property name="AddSources" value="3" type="JavaHandler"/>
<property name="AutoConnectTarget" value="1" type="JavaHandler"/>
<property name="CloseProject" value="0" type="JavaHandler"/>
<property name="CoreView" value="1" type="JavaHandler"/>
<property name="EditDelete" value="5" type="JavaHandler"/>
<property name="EditUndo" value="1" type="JavaHandler"/>
<property name="FileExit" value="-1" type="JavaHandler"/>
<property name="LaunchProgramFpga" value="3" type="JavaHandler"/>
<property name="NewProject" value="-1" type="JavaHandler"/>
<property name="OpenHardwareManager" value="6" type="JavaHandler"/>
<property name="OpenProject" value="2" type="JavaHandler"/>
<property name="OpenRecentTarget" value="1" type="JavaHandler"/>
<property name="ProgramCfgMem" value="6" type="JavaHandler"/>
<property name="RecustomizeCore" value="1" type="JavaHandler"/>
<property name="ReportIPStatus" value="1" type="JavaHandler"/>
<property name="RunBitgen" value="11" type="JavaHandler"/>
<property name="RunImplementation" value="3" type="JavaHandler"/>
<property name="RunSchematic" value="1" type="JavaHandler"/>
<property name="SaveFileProxyHandler" value="1" type="JavaHandler"/>
<property name="ShowView" value="1" type="JavaHandler"/>
<property name="ToolsSettings" value="3" type="JavaHandler"/>
<property name="UpgradeIP" value="1" type="JavaHandler"/>
<property name="ViewTaskProjectManager" value="5" type="JavaHandler"/>
<property name="WriteCfgMemFile" value="1" type="JavaHandler"/>
</item>
<item name="Gui Handlers">
<property name="BaseDialog_CANCEL" value="1" type="GuiHandlerData"/>
<property name="BaseDialog_OK" value="20" type="GuiHandlerData"/>
<property name="BaseDialog_YES" value="1" type="GuiHandlerData"/>
<property name="BoardChooser_VENDOR" value="1" type="GuiHandlerData"/>
<property name="CfgMemPartChooser_DENSITY_CHOOSER" value="1" type="GuiHandlerData"/>
<property name="CfgMemPartChooser_MANUFACTURER_CHOOSER" value="1" type="GuiHandlerData"/>
<property name="CfgMemPartChooser_TABLE" value="1" type="GuiHandlerData"/>
<property name="CfgMemPartChooser_TYPE_CHOOSER" value="1" type="GuiHandlerData"/>
<property name="CfgMemPartChooser_WIDTH_CHOOSER" value="1" type="GuiHandlerData"/>
<property name="CmdMsgDialog_OK" value="1" type="GuiHandlerData"/>
<property name="CommandLinePanel_COMMAND" value="3" type="GuiHandlerData"/>
<property name="CommandsInput_TYPE_TCL_COMMAND_HERE" value="30" type="GuiHandlerData"/>
<property name="CreateSrcFileDialog_FILE_NAME" value="1" type="GuiHandlerData"/>
<property name="CreateSrcFileDialog_FILE_TYPE" value="1" type="GuiHandlerData"/>
<property name="ExpRunTreePanel_EXP_RUN_TREE_TABLE" value="2" type="GuiHandlerData"/>
<property name="FPGAChooser_FPGA_TABLE" value="1" type="GuiHandlerData"/>
<property name="FileSetPanel_FILE_SET_PANEL_TREE" value="83" type="GuiHandlerData"/>
<property name="FlowNavigatorTreePanel_FLOW_NAVIGATOR_TREE" value="36" type="GuiHandlerData"/>
<property name="GettingStartedView_OPEN_PROJECT" value="1" type="GuiHandlerData"/>
<property name="HPopupTitle_CLOSE" value="1" type="GuiHandlerData"/>
<property name="HardwareTreePanel_HARDWARE_TREE_TABLE" value="20" type="GuiHandlerData"/>
<property name="IPStatusSectionPanel_UPGRADE_SELECTED" value="1" type="GuiHandlerData"/>
<property name="IPStatusTablePanel_IP_STATUS_TABLE" value="3" type="GuiHandlerData"/>
<property name="IPStatusTablePanel_MORE_INFO" value="1" type="GuiHandlerData"/>
<property name="LogMonitor_MONITOR" value="1" type="GuiHandlerData"/>
<property name="MainMenuMgr_FILE" value="8" type="GuiHandlerData"/>
<property name="MainMenuMgr_FLOW" value="2" type="GuiHandlerData"/>
<property name="MainMenuMgr_PROJECT" value="3" type="GuiHandlerData"/>
<property name="MainMenuMgr_REPORTS" value="2" type="GuiHandlerData"/>
<property name="MainMenuMgr_TOOLS" value="4" type="GuiHandlerData"/>
<property name="MainToolbarMgr_RUN" value="2" type="GuiHandlerData"/>
<property name="MsgTreePanel_MESSAGE_VIEW_TREE" value="9" type="GuiHandlerData"/>
<property name="NetlistTreeView_NETLIST_TREE" value="2" type="GuiHandlerData"/>
<property name="PACommandNames_ADD_CONFIG_MEMORY" value="1" type="GuiHandlerData"/>
<property name="PACommandNames_ADD_SOURCES" value="1" type="GuiHandlerData"/>
<property name="PACommandNames_AUTO_CONNECT_TARGET" value="1" type="GuiHandlerData"/>
<property name="PACommandNames_BITSTREAM_SETTINGS" value="1" type="GuiHandlerData"/>
<property name="PACommandNames_CLOSE_PROJECT" value="1" type="GuiHandlerData"/>
<property name="PACommandNames_OPEN_PROJECT" value="2" type="GuiHandlerData"/>
<property name="PACommandNames_PROGRAM_CONFIG_MEMORY" value="5" type="GuiHandlerData"/>
<property name="PACommandNames_PROGRAM_FPGA" value="3" type="GuiHandlerData"/>
<property name="PACommandNames_RUN_IMPLEMENTATION" value="1" type="GuiHandlerData"/>
<property name="PACommandNames_WRITE_CONFIG_MEMORY_FILE" value="1" type="GuiHandlerData"/>
<property name="PAViews_PROJECT_SUMMARY" value="6" type="GuiHandlerData"/>
<property name="ProgramCfgMemDialog_ADDRESS_RANGE_USED_FOR_ERASE_BLANK" value="1" type="GuiHandlerData"/>
<property name="ProgramCfgMemDialog_CONTENTS_OF_CONFIGURATION_FILE" value="5" type="GuiHandlerData"/>
<property name="ProgramFpgaDialog_PROGRAM" value="3" type="GuiHandlerData"/>
<property name="RDICommands_COPY" value="1" type="GuiHandlerData"/>
<property name="RDICommands_DELETE" value="5" type="GuiHandlerData"/>
<property name="RDICommands_PASTE" value="1" type="GuiHandlerData"/>
<property name="ReportIPStatusInfoDialog_REPORT_IP_STATUS" value="1" type="GuiHandlerData"/>
<property name="RunGadget_SHOW_WARNING_AND_ERROR_MESSAGES_IN_MESSAGES" value="1" type="GuiHandlerData"/>
<property name="SettingsProjectGeneralPage_CHOOSE_DEVICE_FOR_YOUR_PROJECT" value="1" type="GuiHandlerData"/>
<property name="SettingsProjectGeneralPage_TARGET_LANGUAGE" value="1" type="GuiHandlerData"/>
<property name="SrcChooserPanel_ADD_HDL_AND_NETLIST_FILES_TO_YOUR_PROJECT" value="2" type="GuiHandlerData"/>
<property name="SrcChooserPanel_CREATE_FILE" value="1" type="GuiHandlerData"/>
<property name="SrcMenu_IP_DOCUMENTATION" value="1" type="GuiHandlerData"/>
<property name="TclConsoleView_TCL_CONSOLE_CODE_EDITOR" value="61" type="GuiHandlerData"/>
<property name="UpgradeIP_CONVERT_IP_TO_CORE_CONTAINER_AND_SET" value="1" type="GuiHandlerData"/>
<property name="WriteCfgMemFileDialog_CUSTOM_MEMORY_SIZE" value="3" type="GuiHandlerData"/>
<property name="WriteCfgMemFileDialog_INTERFACE" value="2" type="GuiHandlerData"/>
<property name="WriteCfgMemFileDialog_LOAD_BITSTREAM_FILES" value="1" type="GuiHandlerData"/>
<property name="WriteCfgMemFileDialog_MEMORY_PART" value="12" type="GuiHandlerData"/>
<property name="WriteCfgMemFileDialog_PART_CHOOSER" value="1" type="GuiHandlerData"/>
<property name="WriteCfgMemFileDialog_SPECIFY_BITFILE_FILENAME" value="1" type="GuiHandlerData"/>
<property name="WriteCfgMemFileDialog_SPECIFY_CONFIGURATION_FILENAME" value="1" type="GuiHandlerData"/>
</item>
</section>
</application>
</document>
