<?xml version="1.0"?>
<Runs Version="1" Minor="0">
	<Run Id="clk_200MHZ_synth_1" LaunchDir="/home/kkaur/Test_cases_all/Working_ref_testcase/Vivado/KC705_Multiboot_SPI_XAPP_design_files/Vivado/Golden/Golden.runs/clk_200MHZ_synth_1" FlowId="Vivado_Synthesis" FromStepId="vivado" ToStepId="vivado"/>
</Runs>

