<?xml version="1.0"?>
<Runs Version="1" Minor="0">
	<Run Id="impl_1" LaunchDir="/home/kkaur/Test_cases_all/Working_ref_testcase/Vivado/KC705_Multiboot_SPI_XAPP_design_files/Vivado/Golden/Golden.runs/impl_1" FlowId="Vivado_Implementation" FromStepId="init_design" ToStepId="route_design"/>
</Runs>

